Removed Pin From Net: NetName=GND Pin=B5-15
Removed Pin From Net: NetName=GND Pin=B5-16
Removed Pin From Net: NetName=GND Pin=B5-17
Removed Pin From Net: NetName=GND Pin=B5-18
Removed Pin From Net: NetName=VREF Pin=B5-19
Removed Pin From Net: NetName=REF_IN Pin=B5-20
Removed Pin From Net: NetName=GND Pin=B5-21
Removed Pin From Net: NetName=GND Pin=B5-22
Removed Pin From Net: NetName=GND Pin=B5-23
Removed Pin From Net: NetName=GND Pin=B5-24
Removed Pin From Net: NetName=GND Pin=B5-25
Removed Pin From Net: NetName=GND Pin=B5-26
Removed Pin From Net: NetName=GND Pin=B5-29
Removed Pin From Net: NetName=GND Pin=B5-30
Removed Pin From Net: NetName=GND Pin=B5-31
Removed Pin From Net: NetName=GND Pin=B5-32
Removed Pin From Net: NetName=GND Pin=B5-33
Removed Pin From Net: NetName=GND Pin=B5-34
Removed Pin From Net: NetName=GND Pin=B5-35
Removed Pin From Net: NetName=GND Pin=B5-36
Removed Pin From Net: NetName=IN0 Pin=B6-1
Removed Pin From Net: NetName=CH0 Pin=B6-2
Removed Pin From Net: NetName=IN1 Pin=B6-3
Removed Pin From Net: NetName=CH1 Pin=B6-4
Removed Pin From Net: NetName=IN2 Pin=B6-5
Removed Pin From Net: NetName=CH2 Pin=B6-6
Removed Pin From Net: NetName=IN3 Pin=B6-7
Removed Pin From Net: NetName=CH3 Pin=B6-8
Removed Pin From Net: NetName=IN4 Pin=B6-11
Removed Pin From Net: NetName=CH4 Pin=B6-12
Removed Pin From Net: NetName=IN5 Pin=B6-13
Removed Pin From Net: NetName=CH5 Pin=B6-14
Removed Pin From Net: NetName=IN6 Pin=B6-15
Removed Pin From Net: NetName=CH6 Pin=B6-16
Removed Pin From Net: NetName=IN7 Pin=B6-17
Removed Pin From Net: NetName=CH7 Pin=B6-18
Removed Pin From Net: NetName=CH8 Pin=B6-19
Removed Pin From Net: NetName=IN8 Pin=B6-20
Removed Pin From Net: NetName=IN9 Pin=B6-22
Removed Pin From Net: NetName=CH10 Pin=B6-23
Removed Pin From Net: NetName=IN10 Pin=B6-24
Removed Pin From Net: NetName=CH11 Pin=B6-25
Removed Pin From Net: NetName=IN11 Pin=B6-26
Removed Pin From Net: NetName=CH12 Pin=B6-29
Removed Pin From Net: NetName=IN12 Pin=B6-30
Removed Pin From Net: NetName=CH13 Pin=B6-31
Removed Pin From Net: NetName=IN13 Pin=B6-32
Removed Pin From Net: NetName=CH14 Pin=B6-33
Removed Pin From Net: NetName=IN14 Pin=B6-34
Removed Pin From Net: NetName=CH15 Pin=B6-35
Removed Pin From Net: NetName=IN15 Pin=B6-36
Removed Pin From Net: NetName=CH4 Pin=IC1-1
Removed Pin From Net: NetName=VREF Pin=IC1-2
Removed Pin From Net: NetName=CH3 Pin=IC1-3
Removed Pin From Net: NetName=VREF Pin=IC1-4
Removed Pin From Net: NetName=CH2 Pin=IC1-5
Removed Pin From Net: NetName=VREF Pin=IC1-6
Removed Pin From Net: NetName=CH1 Pin=IC1-7
Removed Pin From Net: NetName=VREF Pin=IC1-8
Removed Pin From Net: NetName=GND Pin=IC1-10
Removed Pin From Net: NetName=VREF Pin=IC1-34
Removed Pin From Net: NetName=CH15 Pin=IC1-35
Removed Pin From Net: NetName=VREF Pin=IC1-36
Removed Pin From Net: NetName=CH14 Pin=IC1-37
Removed Pin From Net: NetName=VREF Pin=IC1-38
Removed Pin From Net: NetName=CH13 Pin=IC1-39
Removed Pin From Net: NetName=VREF Pin=IC1-40
Removed Pin From Net: NetName=CH12 Pin=IC1-41
Removed Pin From Net: NetName=VREF Pin=IC1-42
Removed Pin From Net: NetName=CH11 Pin=IC1-43
Removed Pin From Net: NetName=VREF Pin=IC1-44
Removed Pin From Net: NetName=CH10 Pin=IC1-45
Removed Pin From Net: NetName=VREF Pin=IC1-46
Removed Pin From Net: NetName=VREF Pin=IC1-48
Removed Pin From Net: NetName=CH8 Pin=IC1-49
Removed Pin From Net: NetName=VREF Pin=IC1-50
Removed Pin From Net: NetName=CH7 Pin=IC1-51
Removed Pin From Net: NetName=VREF Pin=IC1-52
Removed Pin From Net: NetName=CH6 Pin=IC1-53
Removed Pin From Net: NetName=VREF Pin=IC1-54
Removed Pin From Net: NetName=CH5 Pin=IC1-55
Removed Pin From Net: NetName=VREF Pin=IC1-56
Removed Pin From Net: NetName=GND Pin=IC1-57
Removed Pin From Net: NetName=IN0 Pin=J4-1
Removed Pin From Net: NetName=IN1 Pin=J4-2
Removed Pin From Net: NetName=IN2 Pin=J4-3
Removed Pin From Net: NetName=IN3 Pin=J4-4
Removed Pin From Net: NetName=IN4 Pin=J4-5
Removed Pin From Net: NetName=IN5 Pin=J4-6
Removed Pin From Net: NetName=IN6 Pin=J4-7
Removed Pin From Net: NetName=IN7 Pin=J4-8
Removed Pin From Net: NetName=IN8 Pin=J4-9
Change Component Footprint: Designator=J4 Old Footprint=HIROSE_FH12-16S-0.5SH(55) New Footprint=SAMTEC_ZF5S-25-01-T-WT-K-TR
Change Component Comment : Designator=J4 Old Comment=FH12-16S-0.5SH(55) New Comment=ZF5S-25-01-T-WT-K-TR
Change Component Comment : Designator=IC1 Old Comment=RHD2216 New Comment=RHD2132
Change Managed Component Library Link : Designator=J4 Old VaultGUID=FE3ADE47-2E77-42F1-9C9A-A3DDE25E1510 New VaultGUID=FE3ADE47-2E77-42F1-9C9A-A3DDE25E1510 Old ItemGUID=6AE85D39-C42C-460B-B554-05AF93D3D7EF New ItemGUID=FD1F5C85-E40A-44C0-8334-D4C361D99040 Old RevisionGUID=a3e0b34f-0d9d-4d45-a96c-1e4a55e84387 New RevisionGUID=e6503794-eb0b-442a-b122-8daa80acdd83
Change component parameters: Designator = "J4" ("J4"); Footprint = "HIROSE_FH12-16S-0.5SH(55)"; UniqueID = "\AZKMVVTL" ("\AZKMVVTL")
Change component parameters (AddParameter): Name = "Availability"; Value = "Unavailable"; VariantName = "[No Variations]"
Change component parameters (AddParameter): Name = "Case/Package"; Value = ""; VariantName = "[No Variations]"
Change component parameters (AddParameter): Name = "Component Type"; Value = "Standard"; VariantName = "[No Variations]"
Change component parameters (AddParameter): Name = "Connector Type"; Value = ""; VariantName = "[No Variations]"
Change component parameters (AddParameter): Name = "Design Item ID"; Value = "ZF5S-25-01-T-WT-K-TR"; VariantName = "[No Variations]"
Change component parameters (AddParameter): Name = "Gender"; Value = ""; VariantName = "[No Variations]"
Change component parameters (AddParameter): Name = "Max Current Rating"; Value = ""; VariantName = "[No Variations]"
Change component parameters (AddParameter): Name = "Max Operating Temperature"; Value = ""; VariantName = "[No Variations]"
Change component parameters (AddParameter): Name = "Min Operating Temperature"; Value = ""; VariantName = "[No Variations]"
Change component parameters (AddParameter): Name = "Mounting Technology"; Value = ""; VariantName = "[No Variations]"
Change component parameters (AddParameter): Name = "MP"; Value = "ZF5S-25-01-T-WT-K-TR"; VariantName = "[No Variations]"
Change component parameters (AddParameter): Name = "Package"; Value = "None"; VariantName = "[No Variations]"
Change component parameters (AddParameter): Name = "Pin Count"; Value = "25"; VariantName = "[No Variations]"
Change component parameters (AddParameter): Name = "Pins"; Value = ""; VariantName = "[No Variations]"
Change component parameters (AddParameter): Name = "Price"; Value = "None"; VariantName = "[No Variations]"
Change component parameters (AddParameter): Name = "RoHS Compliant"; Value = ""; VariantName = "[No Variations]"
Change component parameters (AddParameter): Name = "Source"; Value = "ZF5S-25-01-T-WT-K-TR.SchLib"; VariantName = "[No Variations]"
Change component parameters (AddParameter): Name = "Value"; Value = ""; VariantName = "[No Variations]"
Change component parameters (AddParameter): Name = "Voltage Rating"; Value = ""; VariantName = "[No Variations]"
Added Pin To Net: NetName=IN0 Pin=B5-15
Added Pin To Net: NetName=CH0 Pin=B5-16
Added Pin To Net: NetName=IN1 Pin=B5-17
Added Pin To Net: NetName=CH1 Pin=B5-18
Added Pin To Net: NetName=CH2 Pin=B5-19
Added Pin To Net: NetName=IN2 Pin=B5-20
Added Pin To Net: NetName=CH3 Pin=B5-21
Added Pin To Net: NetName=IN3 Pin=B5-22
Added Pin To Net: NetName=CH4 Pin=B5-23
Added Pin To Net: NetName=IN4 Pin=B5-24
Added Pin To Net: NetName=CH8 Pin=B5-25
Added Pin To Net: NetName=IN8 Pin=B5-26
Added Pin To Net: NetName=CH7 Pin=B5-29
Added Pin To Net: NetName=IN7 Pin=B5-30
Added Pin To Net: NetName=CH6 Pin=B5-31
Added Pin To Net: NetName=IN6 Pin=B5-32
Added Pin To Net: NetName=CH5 Pin=B5-33
Added Pin To Net: NetName=IN5 Pin=B5-34
Added Pin To Net: NetName=VREF Pin=B5-35
Added Pin To Net: NetName=REF_IN Pin=B5-36
Added Pin To Net: NetName=IN9 Pin=B6-1
Added Pin To Net: NetName=IN10 Pin=B6-3
Added Pin To Net: NetName=CH10 Pin=B6-4
Added Pin To Net: NetName=IN11 Pin=B6-5
Added Pin To Net: NetName=CH11 Pin=B6-6
Added Pin To Net: NetName=IN12 Pin=B6-7
Added Pin To Net: NetName=CH12 Pin=B6-8
Added Pin To Net: NetName=IN13 Pin=B6-11
Added Pin To Net: NetName=CH13 Pin=B6-12
Added Pin To Net: NetName=IN14 Pin=B6-13
Added Pin To Net: NetName=CH14 Pin=B6-14
Added Pin To Net: NetName=IN15 Pin=B6-15
Added Pin To Net: NetName=CH15 Pin=B6-16
Added Pin To Net: NetName=CH8 Pin=IC1-1
Added Pin To Net: NetName=CH7 Pin=IC1-2
Added Pin To Net: NetName=CH6 Pin=IC1-3
Added Pin To Net: NetName=CH5 Pin=IC1-4
Added Pin To Net: NetName=CH4 Pin=IC1-5
Added Pin To Net: NetName=CH3 Pin=IC1-6
Added Pin To Net: NetName=CH2 Pin=IC1-7
Added Pin To Net: NetName=CH1 Pin=IC1-8
Added Pin To Net: NetName=VREF Pin=IC1-10
Added Pin To Net: NetName=GND Pin=IC1-34
Added Pin To Net: NetName=GND Pin=IC1-35
Added Pin To Net: NetName=GND Pin=IC1-36
Added Pin To Net: NetName=GND Pin=IC1-37
Added Pin To Net: NetName=GND Pin=IC1-38
Added Pin To Net: NetName=GND Pin=IC1-39
Added Pin To Net: NetName=CH15 Pin=IC1-50
Added Pin To Net: NetName=CH14 Pin=IC1-51
Added Pin To Net: NetName=CH13 Pin=IC1-52
Added Pin To Net: NetName=CH12 Pin=IC1-53
Added Pin To Net: NetName=CH11 Pin=IC1-54
Added Pin To Net: NetName=CH10 Pin=IC1-55
Added Pin To Net: NetName=IN0 Pin=J4-01
Added Pin To Net: NetName=IN1 Pin=J4-02
Added Pin To Net: NetName=IN2 Pin=J4-03
Added Pin To Net: NetName=IN3 Pin=J4-04
Added Pin To Net: NetName=IN4 Pin=J4-05
Added Pin To Net: NetName=IN5 Pin=J4-06
Added Pin To Net: NetName=IN6 Pin=J4-07
Added Pin To Net: NetName=IN7 Pin=J4-08
Added Pin To Net: NetName=IN8 Pin=J4-09
Change Net Name : Old Net Name=CH9 New Net Name=CH18
Added Pin To Net: NetName=CH9 Pin=B6-2
Added Pin To Net: NetName=CH9 Pin=IC1-56
Added Net: Name=CH9
Added Pin To Net: NetName=CH16 Pin=B6-18
Added Pin To Net: NetName=CH16 Pin=IC1-49
Added Net: Name=CH16
Added Pin To Net: NetName=CH17 Pin=B6-19
Added Pin To Net: NetName=CH17 Pin=IC1-48
Added Net: Name=CH17
Added Pin To Net: NetName=CH19 Pin=B6-23
Added Pin To Net: NetName=CH19 Pin=IC1-46
Added Net: Name=CH19
Added Pin To Net: NetName=CH20 Pin=B6-25
Added Pin To Net: NetName=CH20 Pin=IC1-45
Added Net: Name=CH20
Added Pin To Net: NetName=CH21 Pin=B6-29
Added Pin To Net: NetName=CH21 Pin=IC1-44
Added Net: Name=CH21
Added Pin To Net: NetName=CH22 Pin=B6-31
Added Pin To Net: NetName=CH22 Pin=IC1-43
Added Net: Name=CH22
Added Pin To Net: NetName=CH23 Pin=B6-33
Added Pin To Net: NetName=CH23 Pin=IC1-42
Added Net: Name=CH23
Added Pin To Net: NetName=CH24 Pin=B6-35
Added Pin To Net: NetName=CH24 Pin=IC1-41
Added Net: Name=CH24
Added Pin To Net: NetName=CH25 Pin=IC1-40
Added Net: Name=CH25
Added Pin To Net: NetName=IN16 Pin=B6-17
Added Pin To Net: NetName=IN16 Pin=J4-17
Added Net: Name=IN16
Added Pin To Net: NetName=IN17 Pin=B6-20
Added Pin To Net: NetName=IN17 Pin=J4-18
Added Net: Name=IN17
Added Pin To Net: NetName=IN18 Pin=B6-22
Added Pin To Net: NetName=IN18 Pin=J4-19
Added Net: Name=IN18
Added Pin To Net: NetName=IN19 Pin=B6-24
Added Pin To Net: NetName=IN19 Pin=J4-20
Added Net: Name=IN19
Added Pin To Net: NetName=IN20 Pin=B6-26
Added Pin To Net: NetName=IN20 Pin=J4-21
Added Net: Name=IN20
Added Pin To Net: NetName=IN21 Pin=B6-30
Added Pin To Net: NetName=IN21 Pin=J4-22
Added Net: Name=IN21
Added Pin To Net: NetName=IN22 Pin=B6-32
Added Pin To Net: NetName=IN22 Pin=J4-23
Added Net: Name=IN22
Added Pin To Net: NetName=IN23 Pin=B6-34
Added Pin To Net: NetName=IN23 Pin=J4-24
Added Net: Name=IN23
Added Pin To Net: NetName=IN24 Pin=B6-36
Added Pin To Net: NetName=IN24 Pin=J4-25
Added Net: Name=IN24
