Removed Pin From Net: NetName=ELEC_TEST Pin=B3-1
Removed Pin From Net: NetName=GND Pin=B3-3
Removed Pin From Net: NetName=GND Pin=B3-4
Removed Pin From Net: NetName=STIM_CTRL Pin=B3-5
Removed Pin From Net: NetName=DAC_OUT Pin=B3-6
Removed Pin From Net: NetName=VDD Pin=B3-8
Removed Pin From Net: NetName=VESD Pin=B4-1
Removed Pin From Net: NetName=GND Pin=B4-4
Removed Pin From Net: NetName=STIM_CTRL Pin=B4-5
Removed Pin From Net: NetName=VDD Pin=B4-6
Removed Pin From Net: NetName=GND Pin=B4-7
Removed Pin From Net: NetName=VDD Pin=B4-8
Removed Pin From Net: NetName=GND Pin=IC1-57
Change Component Footprint: Designator=B3 Old Footprint=SOP50P310X90-8N New Footprint=SOT95P280X145-6N
Change Component Footprint: Designator=B4 Old Footprint=SOP50P310X90-8N New Footprint=SOT95P280X145-6N
Change Component Comment : Designator=B3 Old Comment=TS5A3153DCUR New Comment=TS5A3159ADBVR
Change Component Comment : Designator=B4 Old Comment=TS5A3153DCUR New Comment=TS5A3159ADBVR
Change Managed Component Library Link : Designator=B3 Old VaultGUID=FE3ADE47-2E77-42F1-9C9A-A3DDE25E1510 New VaultGUID=FE3ADE47-2E77-42F1-9C9A-A3DDE25E1510 Old ItemGUID=3B990EBA-8524-41FE-AD4A-718C09A26FBF New ItemGUID=E17286D6-056C-4113-91DE-C724A9A05620 Old RevisionGUID=1de7ec84-ca55-46af-9872-4408e6a25510 New RevisionGUID=F5D1AFF0-9AEB-42CD-865B-DEE5D052A510
Change Managed Component Library Link : Designator=B4 Old VaultGUID=FE3ADE47-2E77-42F1-9C9A-A3DDE25E1510 New VaultGUID=FE3ADE47-2E77-42F1-9C9A-A3DDE25E1510 Old ItemGUID=3B990EBA-8524-41FE-AD4A-718C09A26FBF New ItemGUID=E17286D6-056C-4113-91DE-C724A9A05620 Old RevisionGUID=1de7ec84-ca55-46af-9872-4408e6a25510 New RevisionGUID=F5D1AFF0-9AEB-42CD-865B-DEE5D052A510
Change component parameters: Designator = "B3" ("B3"); Footprint = "SOP50P310X90-8N"; UniqueID = "\RIOKMMRW" ("\RIOKMMRW")
Change component parameters (AddParameter): Name = "Datasheet Link"; Value = "http://www.ti.com/lit/gpn/ts5a3159a"; VariantName = "[No Variations]"
Change component parameters (AddParameter): Name = "Design Item ID"; Value = "TS5A3159ADBVR"; VariantName = "[No Variations]"
Change component parameters (AddParameter): Name = "Farnell Part Number"; Value = ""; VariantName = "[No Variations]"
Change component parameters (AddParameter): Name = "Farnell Price/Stock"; Value = ""; VariantName = "[No Variations]"
Change component parameters (AddParameter): Name = "Geometry.Height"; Value = "1.45mm"; VariantName = "[No Variations]"
Change component parameters (AddParameter): Name = "Manufacturer_Name"; Value = "Texas Instruments"; VariantName = "[No Variations]"
Change component parameters (AddParameter): Name = "Manufacturer_Part_Number"; Value = "TS5A3159ADBVR"; VariantName = "[No Variations]"
Change component parameters (AddParameter): Name = "Source"; Value = "TS5A3159ADBVR.SchLib"; VariantName = "[No Variations]"
Change component parameters: Designator = "B4" ("B4"); Footprint = "SOP50P310X90-8N"; UniqueID = "\DBABOSTP" ("\DBABOSTP")
Change component parameters (AddParameter): Name = "Datasheet Link"; Value = "http://www.ti.com/lit/gpn/ts5a3159a"; VariantName = "[No Variations]"
Change component parameters (AddParameter): Name = "Design Item ID"; Value = "TS5A3159ADBVR"; VariantName = "[No Variations]"
Change component parameters (AddParameter): Name = "Farnell Part Number"; Value = ""; VariantName = "[No Variations]"
Change component parameters (AddParameter): Name = "Farnell Price/Stock"; Value = ""; VariantName = "[No Variations]"
Change component parameters (AddParameter): Name = "Geometry.Height"; Value = "1.45mm"; VariantName = "[No Variations]"
Change component parameters (AddParameter): Name = "Manufacturer_Name"; Value = "Texas Instruments"; VariantName = "[No Variations]"
Change component parameters (AddParameter): Name = "Manufacturer_Part_Number"; Value = "TS5A3159ADBVR"; VariantName = "[No Variations]"
Change component parameters (AddParameter): Name = "Source"; Value = "TS5A3159ADBVR.SchLib"; VariantName = "[No Variations]"
Added Pin To Net: NetName=DAC_OUT Pin=B3-1
Added Pin To Net: NetName=ELEC_TEST Pin=B3-4
Added Pin To Net: NetName=VDD Pin=B3-5
Added Pin To Net: NetName=STIM_CTRL Pin=B3-6
Added Pin To Net: NetName=VDD Pin=B4-1
Added Pin To Net: NetName=VESD Pin=B4-4
Added Pin To Net: NetName=VDD Pin=B4-5
Added Pin To Net: NetName=STIM_CTRL Pin=B4-6
