Removed Pin From Net: NetName=SW_LE_N Pin=B1-38
Removed Pin From Net: NetName=SW_SET Pin=B1-46
Removed Pin From Net: NetName=REF_IN Pin=B4-1
Removed Pin From Net: NetName=VREF Pin=B4-2
Removed Pin From Net: NetName=SW_LE_N Pin=B4-38
Removed Pin From Net: NetName=SW_SET Pin=B4-46
Added Pin To Net: NetName=VDD Pin=B1-38
Added Pin To Net: NetName=VDD Pin=B1-44
Added Pin To Net: NetName=VDD Pin=B1-45
Added Pin To Net: NetName=VDD Pin=B1-46
Added Pin To Net: NetName=GND Pin=B4-1
Added Pin To Net: NetName=GND Pin=B4-2
Added Pin To Net: NetName=GND Pin=B4-3
Added Pin To Net: NetName=GND Pin=B4-4
Added Pin To Net: NetName=GND Pin=B4-5
Added Pin To Net: NetName=GND Pin=B4-6
Added Pin To Net: NetName=GND Pin=B4-7
Added Pin To Net: NetName=GND Pin=B4-8
Added Pin To Net: NetName=GND Pin=B4-11
Added Pin To Net: NetName=GND Pin=B4-12
Added Pin To Net: NetName=GND Pin=B4-13
Added Pin To Net: NetName=GND Pin=B4-14
Added Pin To Net: NetName=GND Pin=B4-15
Added Pin To Net: NetName=GND Pin=B4-16
Added Pin To Net: NetName=GND Pin=B4-17
Added Pin To Net: NetName=GND Pin=B4-18
Added Pin To Net: NetName=VREF Pin=B4-19
Added Pin To Net: NetName=REF_IN Pin=B4-20
Added Pin To Net: NetName=GND Pin=B4-21
Added Pin To Net: NetName=GND Pin=B4-22
Added Pin To Net: NetName=GND Pin=B4-23
Added Pin To Net: NetName=GND Pin=B4-24
Added Pin To Net: NetName=GND Pin=B4-25
Added Pin To Net: NetName=GND Pin=B4-26
Added Pin To Net: NetName=GND Pin=B4-29
Added Pin To Net: NetName=GND Pin=B4-30
Added Pin To Net: NetName=GND Pin=B4-31
Added Pin To Net: NetName=GND Pin=B4-32
Added Pin To Net: NetName=GND Pin=B4-33
Added Pin To Net: NetName=GND Pin=B4-34
Added Pin To Net: NetName=GND Pin=B4-35
Added Pin To Net: NetName=GND Pin=B4-36
Added Pin To Net: NetName=VDD Pin=B4-38
Added Pin To Net: NetName=VDD Pin=B4-44
Added Pin To Net: NetName=VDD Pin=B4-45
Added Pin To Net: NetName=VDD Pin=B4-46
