Removed Pin From Net: NetName=REF_IN Pin=B4-3
Removed Pin From Net: NetName=VREF Pin=B4-4
Removed Pin From Net: NetName=REF_IN Pin=B4-5
Removed Pin From Net: NetName=VREF Pin=B4-6
Removed Pin From Net: NetName=REF_IN Pin=B4-7
Removed Pin From Net: NetName=VREF Pin=B4-8
Removed Pin From Net: NetName=REF_IN Pin=B4-11
Removed Pin From Net: NetName=VREF Pin=B4-12
Removed Pin From Net: NetName=REF_IN Pin=B4-13
Removed Pin From Net: NetName=VREF Pin=B4-14
Removed Pin From Net: NetName=REF_IN Pin=B4-15
Removed Pin From Net: NetName=VREF Pin=B4-16
Removed Pin From Net: NetName=REF_IN Pin=B4-17
Removed Pin From Net: NetName=VREF Pin=B4-18
Removed Pin From Net: NetName=VREF Pin=B4-19
Removed Pin From Net: NetName=REF_IN Pin=B4-20
Removed Pin From Net: NetName=VREF Pin=B4-21
Removed Pin From Net: NetName=REF_IN Pin=B4-22
Removed Pin From Net: NetName=VREF Pin=B4-23
Removed Pin From Net: NetName=REF_IN Pin=B4-24
Removed Pin From Net: NetName=VREF Pin=B4-25
Removed Pin From Net: NetName=REF_IN Pin=B4-26
Removed Pin From Net: NetName=VREF Pin=B4-29
Removed Pin From Net: NetName=REF_IN Pin=B4-30
Removed Pin From Net: NetName=VREF Pin=B4-31
Removed Pin From Net: NetName=REF_IN Pin=B4-32
Removed Pin From Net: NetName=VREF Pin=B4-33
Removed Pin From Net: NetName=REF_IN Pin=B4-34
Removed Pin From Net: NetName=VREF Pin=B4-35
Removed Pin From Net: NetName=REF_IN Pin=B4-36
Change component parameters: Designator = "C16" ("C16"); Footprint = "CAPC3216X120N"; UniqueID = "\GDSCBWPA" ("\GDSCBWPA")
Change component parameters (AddParameter): Name = "Capacitor Type"; Value = ""; VariantName = "[No Variations]"
Change component parameters (AddParameter): Name = "Case/Package"; Value = ""; VariantName = "[No Variations]"
Change component parameters (AddParameter): Name = "Datasheet Link"; Value = "https://www.rubycon.co.jp/wp-content/uploads/catalog-pmlcap/MF.pdf"; VariantName = "[No Variations]"
Change component parameters (AddParameter): Name = "Design Item ID"; Value = "25MF105KA13216"; VariantName = "[No Variations]"
Change component parameters (AddParameter): Name = "Geometry.Height"; Value = "1.2mm"; VariantName = "[No Variations]"
Change component parameters (AddParameter): Name = "Manufacturer_Name"; Value = "Rubycon"; VariantName = "[No Variations]"
Change component parameters (AddParameter): Name = "Manufacturer_Part_Number"; Value = "25MF105KA13216"; VariantName = "[No Variations]"
Change component parameters (AddParameter): Name = "Max Operating Temperature"; Value = ""; VariantName = "[No Variations]"
Change component parameters (AddParameter): Name = "Min Operating Temperature"; Value = ""; VariantName = "[No Variations]"
Change component parameters (AddParameter): Name = "Mounting Technology"; Value = ""; VariantName = "[No Variations]"
Change component parameters (AddParameter): Name = "Mouser Part Number"; Value = ""; VariantName = "[No Variations]"
Change component parameters (AddParameter): Name = "Mouser Price/Stock"; Value = ""; VariantName = "[No Variations]"
Change component parameters (AddParameter): Name = "Pins"; Value = ""; VariantName = "[No Variations]"
Change component parameters (AddParameter): Name = "Ripple Current"; Value = ""; VariantName = "[No Variations]"
Change component parameters (AddParameter): Name = "Ripple Current (AC)"; Value = ""; VariantName = "[No Variations]"
Change component parameters (AddParameter): Name = "RoHS Compliant"; Value = ""; VariantName = "[No Variations]"
Change component parameters (AddParameter): Name = "Source"; Value = "25MF105KA13216.SchLib"; VariantName = "[No Variations]"
Change component parameters (AddParameter): Name = "Tolerance"; Value = ""; VariantName = "[No Variations]"
Change component parameters (AddParameter): Name = "Value"; Value = "1uF"; VariantName = "[No Variations]"
Change component parameters (AddParameter): Name = "Voltage Rating"; Value = ""; VariantName = "[No Variations]"
Added Component: Designator=D2(SOT-23)
Add component (AddParameter): Name = "Component Type"; Value = "Standard"; VariantName = "[No Variations]"
Add component (AddParameter): Name = "Datasheet"; Value = "https://diotec.com/request/datasheet/bat54.pdf"; VariantName = "[No Variations]"
Add component (AddParameter): Name = "Design Item ID"; Value = "BAT54S"; VariantName = "[No Variations]"
Add component (AddParameter): Name = "ki_description"; Value = "Dual Schottky Diode in Series"; VariantName = "[No Variations]"
Add component (AddParameter): Name = "ki_keywords"; Value = "Dual Schottky Diode Series"; VariantName = "[No Variations]"
Add component (AddParameter): Name = "Pins"; Value = "3"; VariantName = "[No Variations]"
Add component (AddParameter): Name = "Reference"; Value = "D"; VariantName = "[No Variations]"
Add component (AddParameter): Name = "Source"; Value = "BAT54S.SchLib"; VariantName = "[No Variations]"
Add component (AddParameter): Name = "Supplier"; Value = ""; VariantName = "[No Variations]"
Add component (AddParameter): Name = "Value"; Value = "BAT54S"; VariantName = "[No Variations]"
Added Pin To Net: NetName=OPA_5V Pin=D2-1
Added Pin To Net: NetName=OPA_GND Pin=D2-2
Added Pin To Net: NetName=NetC16_1 Pin=D2-3
Added Member To Class: ClassName=Input Protection Member=Component D2 BAT54S
