Change Component DesignItemId : Designator=C13 Old DesignItemId=CMP-001-00089-1 New DesignItemId=CMP-001-00089-2
Change Component DesignItemId : Designator=B3 Old DesignItemId=CMP-011-00015-1 New DesignItemId=CMP-011-00015-2
Change Component DesignItemId : Designator=B4 Old DesignItemId=CMP-011-00015-1 New DesignItemId=CMP-011-00015-2
Change Component Footprint: Designator=C13 Old Footprint=CAPC7361X470N New Footprint=CAPC7361X470N
Change Component Footprint: Designator=B3 Old Footprint=SOT95P280X145-6N New Footprint=SOT95P280X145-6N
Change Component Footprint: Designator=B4 Old Footprint=SOT95P280X145-6N New Footprint=SOT95P280X145-6N
Change Managed Component Library Link : Designator=B3 Old VaultGUID=FE3ADE47-2E77-42F1-9C9A-A3DDE25E1510 New VaultGUID=FE3ADE47-2E77-42F1-9C9A-A3DDE25E1510 Old ItemGUID=E17286D6-056C-4113-91DE-C724A9A05620 New ItemGUID=E17286D6-056C-4113-91DE-C724A9A05620 Old RevisionGUID=F5D1AFF0-9AEB-42CD-865B-DEE5D052A510 New RevisionGUID=6feee827-3df0-4119-80d6-9289f5047c39
Change Managed Component Library Link : Designator=B4 Old VaultGUID=FE3ADE47-2E77-42F1-9C9A-A3DDE25E1510 New VaultGUID=FE3ADE47-2E77-42F1-9C9A-A3DDE25E1510 Old ItemGUID=E17286D6-056C-4113-91DE-C724A9A05620 New ItemGUID=E17286D6-056C-4113-91DE-C724A9A05620 Old RevisionGUID=F5D1AFF0-9AEB-42CD-865B-DEE5D052A510 New RevisionGUID=6feee827-3df0-4119-80d6-9289f5047c39
Change Managed Component Library Link : Designator=C13 Old VaultGUID=FE3ADE47-2E77-42F1-9C9A-A3DDE25E1510 New VaultGUID=FE3ADE47-2E77-42F1-9C9A-A3DDE25E1510 Old ItemGUID=8E1216D5-0BF9-4068-83B0-62C79D8E96A8 New ItemGUID=8E1216D5-0BF9-4068-83B0-62C79D8E96A8 Old RevisionGUID=267197A7-5DF3-47A9-AC8F-4968A44DC518 New RevisionGUID=4249bf80-f14e-40d2-812e-b2d0187b29e4
Change component parameters: Designator = "B3" ("B3"); Footprint = "SOT95P280X145-6N"; UniqueID = "\RIOKMMRW" ("\RIOKMMRW")
Change component parameters (AddParameter): Name = "Case/Package"; Value = ""; VariantName = "[No Variations]"
Change component parameters (AddParameter): Name = "Current Rating"; Value = ""; VariantName = "[No Variations]"
Change component parameters (AddParameter): Name = "Datasheet Link"; Value = "http://www.ti.com/lit/gpn/ts5a3159a"; VariantName = "[No Variations]"
Change component parameters (AddParameter): Name = "Design Item ID"; Value = "TS5A3159ADBVR"; VariantName = "[No Variations]"
Change component parameters (AddParameter): Name = "Farnell Part Number"; Value = ""; VariantName = "[No Variations]"
Change component parameters (AddParameter): Name = "Farnell Price/Stock"; Value = ""; VariantName = "[No Variations]"
Change component parameters (AddParameter): Name = "Geometry.Height"; Value = "1.45mm"; VariantName = "[No Variations]"
Change component parameters (AddParameter): Name = "Manufacturer_Name"; Value = "Texas Instruments"; VariantName = "[No Variations]"
Change component parameters (AddParameter): Name = "Manufacturer_Part_Number"; Value = "TS5A3159ADBVR"; VariantName = "[No Variations]"
Change component parameters (AddParameter): Name = "Max Current Rating"; Value = ""; VariantName = "[No Variations]"
Change component parameters (AddParameter): Name = "Max Operating Temperature"; Value = ""; VariantName = "[No Variations]"
Change component parameters (AddParameter): Name = "Min Operating Temperature"; Value = ""; VariantName = "[No Variations]"
Change component parameters (AddParameter): Name = "Mounting Technology"; Value = ""; VariantName = "[No Variations]"
Change component parameters (AddParameter): Name = "Pins"; Value = ""; VariantName = "[No Variations]"
Change component parameters (AddParameter): Name = "RoHS Compliant"; Value = ""; VariantName = "[No Variations]"
Change component parameters (AddParameter): Name = "Source"; Value = "TS5A3159ADBVR.SchLib"; VariantName = "[No Variations]"
Change component parameters (AddParameter): Name = "Throw Configuration"; Value = ""; VariantName = "[No Variations]"
Change component parameters (AddParameter): Name = "Voltage Rating"; Value = ""; VariantName = "[No Variations]"
Change component parameters: Designator = "B4" ("B4"); Footprint = "SOT95P280X145-6N"; UniqueID = "\DBABOSTP" ("\DBABOSTP")
Change component parameters (AddParameter): Name = "Case/Package"; Value = ""; VariantName = "[No Variations]"
Change component parameters (AddParameter): Name = "Current Rating"; Value = ""; VariantName = "[No Variations]"
Change component parameters (AddParameter): Name = "Datasheet Link"; Value = "http://www.ti.com/lit/gpn/ts5a3159a"; VariantName = "[No Variations]"
Change component parameters (AddParameter): Name = "Design Item ID"; Value = "TS5A3159ADBVR"; VariantName = "[No Variations]"
Change component parameters (AddParameter): Name = "Farnell Part Number"; Value = ""; VariantName = "[No Variations]"
Change component parameters (AddParameter): Name = "Farnell Price/Stock"; Value = ""; VariantName = "[No Variations]"
Change component parameters (AddParameter): Name = "Geometry.Height"; Value = "1.45mm"; VariantName = "[No Variations]"
Change component parameters (AddParameter): Name = "Manufacturer_Name"; Value = "Texas Instruments"; VariantName = "[No Variations]"
Change component parameters (AddParameter): Name = "Manufacturer_Part_Number"; Value = "TS5A3159ADBVR"; VariantName = "[No Variations]"
Change component parameters (AddParameter): Name = "Max Current Rating"; Value = ""; VariantName = "[No Variations]"
Change component parameters (AddParameter): Name = "Max Operating Temperature"; Value = ""; VariantName = "[No Variations]"
Change component parameters (AddParameter): Name = "Min Operating Temperature"; Value = ""; VariantName = "[No Variations]"
Change component parameters (AddParameter): Name = "Mounting Technology"; Value = ""; VariantName = "[No Variations]"
Change component parameters (AddParameter): Name = "Pins"; Value = ""; VariantName = "[No Variations]"
Change component parameters (AddParameter): Name = "RoHS Compliant"; Value = ""; VariantName = "[No Variations]"
Change component parameters (AddParameter): Name = "Source"; Value = "TS5A3159ADBVR.SchLib"; VariantName = "[No Variations]"
Change component parameters (AddParameter): Name = "Throw Configuration"; Value = ""; VariantName = "[No Variations]"
Change component parameters (AddParameter): Name = "Voltage Rating"; Value = ""; VariantName = "[No Variations]"
Change component parameters: Designator = "C13" ("C13"); Footprint = "CAPC7361X470N"; UniqueID = "\UWILWWFD" ("\UWILWWFD")
Change component parameters (AddParameter): Name = "Capacitor Type"; Value = ""; VariantName = "[No Variations]"
Change component parameters (AddParameter): Name = "Case/Package"; Value = ""; VariantName = "[No Variations]"
Change component parameters (AddParameter): Name = "Datasheet Link"; Value = "https://datasheets.kyocera-avx.com/cb-pen.pdf"; VariantName = "[No Variations]"
Change component parameters (AddParameter): Name = "Design Item ID"; Value = "CB057D0105JBC"; VariantName = "[No Variations]"
Change component parameters (AddParameter): Name = "Farnell Part Number"; Value = ""; VariantName = "[No Variations]"
Change component parameters (AddParameter): Name = "Farnell Price/Stock"; Value = ""; VariantName = "[No Variations]"
Change component parameters (AddParameter): Name = "Geometry.Height"; Value = "4.7mm"; VariantName = "[No Variations]"
Change component parameters (AddParameter): Name = "Manufacturer_Name"; Value = "Kyocera AVX"; VariantName = "[No Variations]"
Change component parameters (AddParameter): Name = "Manufacturer_Part_Number"; Value = "CB057D0105JBC"; VariantName = "[No Variations]"
Change component parameters (AddParameter): Name = "Max Operating Temperature"; Value = ""; VariantName = "[No Variations]"
Change component parameters (AddParameter): Name = "Min Operating Temperature"; Value = ""; VariantName = "[No Variations]"
Change component parameters (AddParameter): Name = "Mounting Technology"; Value = ""; VariantName = "[No Variations]"
Change component parameters (AddParameter): Name = "Pins"; Value = ""; VariantName = "[No Variations]"
Change component parameters (AddParameter): Name = "Ripple Current"; Value = ""; VariantName = "[No Variations]"
Change component parameters (AddParameter): Name = "Ripple Current (AC)"; Value = ""; VariantName = "[No Variations]"
Change component parameters (AddParameter): Name = "RoHS Compliant"; Value = ""; VariantName = "[No Variations]"
Change component parameters (AddParameter): Name = "Source"; Value = "CB057D0105JBC.SchLib"; VariantName = "[No Variations]"
Change component parameters (AddParameter): Name = "Tolerance"; Value = ""; VariantName = "[No Variations]"
Change component parameters (AddParameter): Name = "Value"; Value = "1µF"; VariantName = "[No Variations]"
Change component parameters (AddParameter): Name = "Voltage Rating"; Value = ""; VariantName = "[No Variations]"
