Added Component: Designator=IC1(RHD2216)
Added Pin To Net: NetName=CH4 Pin=IC1-1
Added Pin To Net: NetName=VREF Pin=IC1-2
Added Pin To Net: NetName=CH3 Pin=IC1-3
Added Pin To Net: NetName=VREF Pin=IC1-4
Added Pin To Net: NetName=CH2 Pin=IC1-5
Added Pin To Net: NetName=VREF Pin=IC1-6
Added Pin To Net: NetName=CH1 Pin=IC1-7
Added Pin To Net: NetName=VREF Pin=IC1-8
Added Pin To Net: NetName=CH0 Pin=IC1-9
Added Pin To Net: NetName=GND Pin=IC1-10
Added Pin To Net: NetName=GND Pin=IC1-11
Added Pin To Net: NetName=GND Pin=IC1-12
Added Pin To Net: NetName=VDD Pin=IC1-13
Added Pin To Net: NetName=VDD Pin=IC1-14
Added Pin To Net: NetName=VDD Pin=IC1-15
Added Pin To Net: NetName=VDD Pin=IC1-16
Added Pin To Net: NetName=GND Pin=IC1-17
Added Pin To Net: NetName=NSS Pin=IC1-19
Added Pin To Net: NetName=SCK Pin=IC1-21
Added Pin To Net: NetName=MOSI Pin=IC1-23
Added Pin To Net: NetName=MISO Pin=IC1-25
Added Pin To Net: NetName=VDD Pin=IC1-26
Added Pin To Net: NetName=NetC3_2 Pin=IC1-28
Added Pin To Net: NetName=GND Pin=IC1-29
Added Pin To Net: NetName=GND Pin=IC1-30
Added Pin To Net: NetName=VDD Pin=IC1-31
Added Pin To Net: NetName=VESD Pin=IC1-32
Added Pin To Net: NetName=DAC_OUT Pin=IC1-33
Added Pin To Net: NetName=VREF Pin=IC1-34
Added Pin To Net: NetName=CH15 Pin=IC1-35
Added Pin To Net: NetName=VREF Pin=IC1-36
Added Pin To Net: NetName=CH14 Pin=IC1-37
Added Pin To Net: NetName=VREF Pin=IC1-38
Added Pin To Net: NetName=CH13 Pin=IC1-39
Added Pin To Net: NetName=VREF Pin=IC1-40
Added Pin To Net: NetName=CH12 Pin=IC1-41
Added Pin To Net: NetName=VREF Pin=IC1-42
Added Pin To Net: NetName=CH11 Pin=IC1-43
Added Pin To Net: NetName=VREF Pin=IC1-44
Added Pin To Net: NetName=CH10 Pin=IC1-45
Added Pin To Net: NetName=VREF Pin=IC1-46
Added Pin To Net: NetName=CH9 Pin=IC1-47
Added Pin To Net: NetName=VREF Pin=IC1-48
Added Pin To Net: NetName=CH8 Pin=IC1-49
Added Pin To Net: NetName=VREF Pin=IC1-50
Added Pin To Net: NetName=CH7 Pin=IC1-51
Added Pin To Net: NetName=VREF Pin=IC1-52
Added Pin To Net: NetName=CH6 Pin=IC1-53
Added Pin To Net: NetName=VREF Pin=IC1-54
Added Pin To Net: NetName=CH5 Pin=IC1-55
Added Pin To Net: NetName=VREF Pin=IC1-56
Added Member To Class: ClassName=AFE Chip Member=Component IC1 RHD2216
